[0.009s] Invoking command in '/home/ubuntu/ros2_ws/src/AMR-supporting-pkg/AMR-supporting-pkg/build/AMR-supporting-pkg': /usr/bin/cmake /home/ubuntu/ros2_ws/src/AMR-supporting-pkg/AMR-supporting-pkg -DCATKIN_INSTALL_INTO_PREFIX_ROOT=0 -DCMAKE_INSTALL_PREFIX=/home/ubuntu/ros2_ws/src/AMR-supporting-pkg/AMR-supporting-pkg/install/AMR-supporting-pkg
[0.145s] -- The C compiler identification is GNU 11.4.0
[0.230s] -- The CXX compiler identification is GNU 11.4.0
[0.238s] -- Detecting C compiler ABI info
[0.325s] -- Detecting C compiler ABI info - done
[0.331s] -- Check for working C compiler: /usr/bin/cc - skipped
[0.331s] -- Detecting C compile features
[0.332s] -- Detecting C compile features - done
[0.334s] -- Detecting CXX compiler ABI info
[0.427s] -- Detecting CXX compiler ABI info - done
[0.433s] -- Check for working CXX compiler: /usr/bin/c++ - skipped
[0.433s] -- Detecting CXX compile features
[0.433s] -- Detecting CXX compile features - done
[0.441s] -- Configuring incomplete, errors occurred!
[0.441s] See also "/home/ubuntu/ros2_ws/src/AMR-supporting-pkg/AMR-supporting-pkg/build/AMR-supporting-pkg/CMakeFiles/CMakeOutput.log".
[0.441s] [31mCMake Error at CMakeLists.txt:10 (find_package):
[0.441s]   By not providing "Findcatkin.cmake" in CMAKE_MODULE_PATH this project has
[0.441s]   asked CMake to find a package configuration file provided by "catkin", but
[0.441s]   CMake did not find one.
[0.441s] 
[0.441s]   Could not find a package configuration file provided by "catkin" with any
[0.441s]   of the following names:
[0.442s] 
[0.442s]     catkinConfig.cmake
[0.442s]     catkin-config.cmake
[0.442s] 
[0.442s]   Add the installation prefix of "catkin" to CMAKE_PREFIX_PATH or set
[0.442s]   "catkin_DIR" to a directory containing one of the above files.  If "catkin"
[0.442s]   provides a separate development package or SDK, be sure it has been
[0.442s]   installed.
[0.442s] 
[0.442s] [0m
[0.444s] Invoked command in '/home/ubuntu/ros2_ws/src/AMR-supporting-pkg/AMR-supporting-pkg/build/AMR-supporting-pkg' returned '1': /usr/bin/cmake /home/ubuntu/ros2_ws/src/AMR-supporting-pkg/AMR-supporting-pkg -DCATKIN_INSTALL_INTO_PREFIX_ROOT=0 -DCMAKE_INSTALL_PREFIX=/home/ubuntu/ros2_ws/src/AMR-supporting-pkg/AMR-supporting-pkg/install/AMR-supporting-pkg
